
> enterprise-time-logger@1.0.0 test
> vitest run --fileParallelism=false


 RUN  v4.1.5 /home/kmaths/enterprise-time-logger

 ❯ dist/tests/admin.test.js (0 test)
 ❯ dist/tests/api_entries.test.js (0 test)
 ❯ dist/tests/audit.test.js (0 test)
 ❯ dist/tests/auth.test.js (0 test)
 ❯ dist/tests/health.test.js (0 test)
 ❯ dist/tests/plans.test.js (0 test)
 ❯ dist/tests/projects.test.js (0 test)
 ❯ dist/tests/team.test.js (0 test)
 ✓ tests/auth.test.ts (3 tests) 661ms
 ✓ tests/api_entries.test.ts (4 tests) 725ms
 ✓ tests/projects.test.ts (2 tests) 377ms
 ✓ tests/admin.test.ts (3 tests) 297ms
 ✓ tests/plans.test.ts (2 tests) 311ms
 ✓ tests/team.test.ts (1 test) 161ms
 ✓ tests/health.test.ts (1 test) 29ms
 ✓ tests/audit.test.ts (1 test) 6ms

⎯⎯⎯⎯⎯⎯ Failed Suites 8 ⎯⎯⎯⎯⎯⎯⎯

 FAIL  dist/tests/admin.test.js [ dist/tests/admin.test.js ]
Error: Vitest cannot be imported in a CommonJS module using require(). Please use "import" instead.

If you are using "import" in your source code, then it's possible it was bundled into require() automatically by your bundler. In that case, do not bundle CommonJS output since it will never work with Vitest, or use dynamic import() which is available in all CommonJS modules.
 ❯ Object.<anonymous> node_modules/vitest/index.cjs:1:7
 ❯ tests/admin.test.ts:1:1
      1| import { describe, it, expect, beforeEach, afterEach } from 'vitest';
       | ^
      2| import request from 'supertest';
      3| import app from '../src/app';

⎯⎯⎯⎯⎯⎯⎯⎯⎯⎯⎯⎯⎯⎯⎯⎯⎯⎯⎯⎯⎯⎯⎯⎯[1/8]⎯

 FAIL  dist/tests/api_entries.test.js [ dist/tests/api_entries.test.js ]
Error: Vitest cannot be imported in a CommonJS module using require(). Please use "import" instead.

If you are using "import" in your source code, then it's possible it was bundled into require() automatically by your bundler. In that case, do not bundle CommonJS output since it will never work with Vitest, or use dynamic import() which is available in all CommonJS modules.
 ❯ Object.<anonymous> node_modules/vitest/index.cjs:1:7
 ❯ tests/api_entries.test.ts:1:1
      1| import { describe, it, expect, beforeEach, afterAll } from 'vitest';
       | ^
      2| import request from 'supertest';
      3| import app from '../src/app';

⎯⎯⎯⎯⎯⎯⎯⎯⎯⎯⎯⎯⎯⎯⎯⎯⎯⎯⎯⎯⎯⎯⎯⎯[2/8]⎯

 FAIL  dist/tests/audit.test.js [ dist/tests/audit.test.js ]
Error: Vitest cannot be imported in a CommonJS module using require(). Please use "import" instead.

If you are using "import" in your source code, then it's possible it was bundled into require() automatically by your bundler. In that case, do not bundle CommonJS output since it will never work with Vitest, or use dynamic import() which is available in all CommonJS modules.
 ❯ Object.<anonymous> node_modules/vitest/index.cjs:1:7
 ❯ tests/audit.test.ts:1:1
      1| import { describe, it, expect, vi } from 'vitest';
       | ^
      2| import { updateTimeEntry } from '../src/services/TimeEntryService';
      3| import prisma from '../src/lib/prisma';

⎯⎯⎯⎯⎯⎯⎯⎯⎯⎯⎯⎯⎯⎯⎯⎯⎯⎯⎯⎯⎯⎯⎯⎯[3/8]⎯

 FAIL  dist/tests/auth.test.js [ dist/tests/auth.test.js ]
Error: Vitest cannot be imported in a CommonJS module using require(). Please use "import" instead.

If you are using "import" in your source code, then it's possible it was bundled into require() automatically by your bundler. In that case, do not bundle CommonJS output since it will never work with Vitest, or use dynamic import() which is available in all CommonJS modules.
 ❯ Object.<anonymous> node_modules/vitest/index.cjs:1:7
 ❯ tests/auth.test.ts:1:1
      1| import { describe, it, expect, beforeEach, afterEach } from 'vitest';
       | ^
      2| import request from 'supertest';
      3| import app from '../src/app';

⎯⎯⎯⎯⎯⎯⎯⎯⎯⎯⎯⎯⎯⎯⎯⎯⎯⎯⎯⎯⎯⎯⎯⎯[4/8]⎯

 FAIL  dist/tests/health.test.js [ dist/tests/health.test.js ]
Error: Vitest cannot be imported in a CommonJS module using require(). Please use "import" instead.

If you are using "import" in your source code, then it's possible it was bundled into require() automatically by your bundler. In that case, do not bundle CommonJS output since it will never work with Vitest, or use dynamic import() which is available in all CommonJS modules.
 ❯ Object.<anonymous> node_modules/vitest/index.cjs:1:7
 ❯ tests/health.test.ts:1:1
      1| import { describe, it, expect } from 'vitest';
       | ^
      2| import request from 'supertest';
      3| // @ts-ignore

⎯⎯⎯⎯⎯⎯⎯⎯⎯⎯⎯⎯⎯⎯⎯⎯⎯⎯⎯⎯⎯⎯⎯⎯[5/8]⎯

 FAIL  dist/tests/plans.test.js [ dist/tests/plans.test.js ]
Error: Vitest cannot be imported in a CommonJS module using require(). Please use "import" instead.

If you are using "import" in your source code, then it's possible it was bundled into require() automatically by your bundler. In that case, do not bundle CommonJS output since it will never work with Vitest, or use dynamic import() which is available in all CommonJS modules.
 ❯ Object.<anonymous> node_modules/vitest/index.cjs:1:7
 ❯ tests/plans.test.ts:1:1
      1| import { describe, it, expect, beforeEach, afterAll } from 'vitest';
       | ^
      2| import request from 'supertest';
      3| import app from '../src/app';

⎯⎯⎯⎯⎯⎯⎯⎯⎯⎯⎯⎯⎯⎯⎯⎯⎯⎯⎯⎯⎯⎯⎯⎯[6/8]⎯

 FAIL  dist/tests/projects.test.js [ dist/tests/projects.test.js ]
Error: Vitest cannot be imported in a CommonJS module using require(). Please use "import" instead.

If you are using "import" in your source code, then it's possible it was bundled into require() automatically by your bundler. In that case, do not bundle CommonJS output since it will never work with Vitest, or use dynamic import() which is available in all CommonJS modules.
 ❯ Object.<anonymous> node_modules/vitest/index.cjs:1:7
 ❯ tests/projects.test.ts:1:1
      1| import { describe, it, expect, beforeEach, afterAll } from 'vitest';
       | ^
      2| import request from 'supertest';
      3| import app from '../src/app';

⎯⎯⎯⎯⎯⎯⎯⎯⎯⎯⎯⎯⎯⎯⎯⎯⎯⎯⎯⎯⎯⎯⎯⎯[7/8]⎯

 FAIL  dist/tests/team.test.js [ dist/tests/team.test.js ]
Error: Vitest cannot be imported in a CommonJS module using require(). Please use "import" instead.

If you are using "import" in your source code, then it's possible it was bundled into require() automatically by your bundler. In that case, do not bundle CommonJS output since it will never work with Vitest, or use dynamic import() which is available in all CommonJS modules.
 ❯ Object.<anonymous> node_modules/vitest/index.cjs:1:7
 ❯ tests/team.test.ts:1:1
      1| import { describe, it, expect, beforeEach, afterEach } from 'vitest';
       | ^
      2| import request from 'supertest';
      3| import app from '../src/app';

⎯⎯⎯⎯⎯⎯⎯⎯⎯⎯⎯⎯⎯⎯⎯⎯⎯⎯⎯⎯⎯⎯⎯⎯[8/8]⎯


 Test Files  8 failed | 8 passed (16)
      Tests  17 passed (17)
   Start at  10:24:31
   Duration  10.15s (transform 680ms, setup 0ms, import 3.90s, tests 2.57s, environment 4ms)

